         U abort@GLIBC_2.4
         U accept@GLIBC_2.4
         U __aeabi_atexit@CXXABI_ARM_1.3.3
         U __aeabi_unwind_cpp_pr1@GCC_3.5
00014c30 r all_implied_fbits
00015108 r all_implied_fbits
         U bind@GLIBC_2.4
00026260 B __bss_end__
00026260 B _bss_end__
00026174 B __bss_start
00026174 B __bss_start__
00011cd4 t call_weak_fn
         U close@GLIBC_2.4
00026220 b completed.0
0002624c B conn
         U __cxa_end_cleanup@CXXABI_1.3
0002615c D __data_start
0002615c W data_start
00011cf8 t deregister_tm_clones
00011d5c t __do_global_dtors_aux
00025ef4 d __do_global_dtors_aux_fini_array_entry
00026160 D __dso_handle
00025ef8 d _DYNAMIC
00026174 D _edata
00026260 B __end__
00026260 B _end
         U __errno_location@GLIBC_2.4
         U exit@GLIBC_2.4
         U fclose@GLIBC_2.4
         U fflush@GLIBC_2.4
00014c24 T _fini
         U fopen@GLIBC_2.4
         U fprintf@GLIBC_2.4
00011d84 t frame_dummy
00025ee4 d __frame_dummy_init_array_entry
00015550 r __FRAME_END__
         U free@GLIBC_2.4
         U ftime@GLIBC_2.4
         U fwrite@GLIBC_2.4
00026000 d _GLOBAL_OFFSET_TABLE_
00014ba4 t _GLOBAL__sub_I_main
00014ab8 t _GLOBAL__sub_I_parser_desp
000145d4 t _GLOBAL__sub_I_x
         w __gmon_start__
00026240 B g_pNetwork
         U __gxx_personality_v0@CXXABI_1.3
         U htonl@GLIBC_2.4
         U htons@GLIBC_2.4
00011894 T _init
00025ef4 d __init_array_end
00025ee4 d __init_array_start
00014c2c R _IO_stdin_used
         w _ITM_deregisterTMCloneTable
         w _ITM_registerTMCloneTable
00014c20 T __libc_csu_fini
00014bc0 T __libc_csu_init
         U __libc_start_main@GLIBC_2.4
         U listen@GLIBC_2.4
         U localtime_r@GLIBC_2.4
00014ad4 T main
         U malloc@GLIBC_2.4
         U memcpy@GLIBC_2.4
         U memset@GLIBC_2.4
         U mkdir@GLIBC_2.4
         U mysql_close@libmysqlclient_18
         U mysql_error@libmysqlclient_18
         U mysql_free_result@libmysqlclient_18
         U mysql_init@libmysqlclient_18
         U mysql_query@libmysqlclient_18
         U mysql_real_connect@libmysqlclient_18
         U mysql_use_result@libmysqlclient_18
00026164 D parser_desp
         U printf@GLIBC_2.4
         U pthread_create@GLIBC_2.4
         U pthread_detach@GLIBC_2.4
         U pthread_join@GLIBC_2.4
         U pthread_mutex_init@GLIBC_2.4
         U pthread_self@GLIBC_2.4
         U recv@GLIBC_2.4
00011d24 t register_tm_clones
00026250 B res
         U select@GLIBC_2.4
00026244 B sendDataPacket
         U send@GLIBC_2.4
         U setsockopt@GLIBC_2.4
         U sleep@GLIBC_2.4
         U socket@GLIBC_2.4
00011c98 T _start
00026180 B stderr@GLIBC_2.4
0002621c B stdout@GLIBC_2.4
         U strcpy@GLIBC_2.4
         U strerror@GLIBC_2.4
         U strftime@GLIBC_2.4
         U strlen@GLIBC_2.4
00026174 D __TMC_END__
         U usleep@GLIBC_2.4
00026224 B x
00014904 T _Z10cmd_parser7IO_PORTP12HEADERPACKET
0001386c T _Z10initServerv
00012168 T _Z10makePackethhj
00011f88 T _Z10mkdir_funcNSt7__cxx1112basic_stringIcSt11char_traitsIcESaIcEEE
00026228 B _Z10table_nameB5cxx11
00013b70 T _Z10termServerv
00012b5c T _Z11bind_socketji
00013d14 T _Z11closesocketj
000128f8 T _Z11recv_binaryP7IO_PORTlPh
000125a0 T _Z11send_binaryP7IO_PORTlPPv
0001274c T _Z11send_packetP7IO_PORTlP12HEADERPACKET
00014450 T _Z12create_tablev
000121d8 T _Z12initDatabaseP7db_user
00012a0c T _Z13create_socketv
00012074 T _Z14get_table_nameB5cxx11v
0001428c T _Z15insert_databasePcS_
00013d3c T _Z15video_data_sendP12HEADERPACKET
00014230 T _Z19mysql_perform_queryP8st_mysqlPc
00014178 T _Z22mysql_connection_setup7db_user
00011d88 T _Z2cpNSt7__cxx1112basic_stringIcSt11char_traitsIcESaIcEEE
0001454c t _Z41__static_initialization_and_destruction_0ii
00014a54 t _Z41__static_initialization_and_destruction_0ii
00014b40 t _Z41__static_initialization_and_destruction_0ii
00014a0c T _Z4testP12HEADERPACKET
00011dc8 T _Z6getCIDB5cxx11v
         U _ZdaPv@GLIBCXX_3.4
00012ce8 t _ZL19ClientServiceThreadPv
000123d4 t _ZL6__recvP7IO_PORTPvi
00012248 t _ZL6__sendP7IO_PORTPPvi
00013380 t _ZL9listenThdPv
00014618 W _ZN7db_userC1ERKS_
00014618 W _ZN7db_userC2ERKS_
00014698 W _ZN7db_userD1Ev
00014698 W _ZN7db_userD2Ev
000148a8 W _ZN9__gnu_cxx14__alloc_traitsISaIcEcE17_S_select_on_copyERKS1_
000150e8 r _ZN9__gnu_cxxL21__default_lock_policyE
         U _Znaj@GLIBCXX_3.4
         U _ZNKSt7__cxx1112basic_stringIcSt11char_traitsIcESaIcEE13get_allocatorEv@GLIBCXX_3.4.21
         U _ZNKSt7__cxx1112basic_stringIcSt11char_traitsIcESaIcEE4sizeEv@GLIBCXX_3.4.21
         U _ZNKSt7__cxx1112basic_stringIcSt11char_traitsIcESaIcEE5c_strEv@GLIBCXX_3.4.21
         U _ZNKSt7__cxx1112basic_stringIcSt11char_traitsIcESaIcEE6lengthEv@GLIBCXX_3.4.21
         U _ZNKSt7__cxx1112basic_stringIcSt11char_traitsIcESaIcEE6substrEjj@GLIBCXX_3.4.21
         U _ZNKSt7__cxx1119basic_ostringstreamIcSt11char_traitsIcESaIcEE3strEv@GLIBCXX_3.4.21
         U _ZNSaIcEC1ERKS_@GLIBCXX_3.4
         U _ZNSaIcEC1Ev@GLIBCXX_3.4
         U _ZNSaIcED1Ev@GLIBCXX_3.4
         U _ZNSolsEPFRSoS_E@GLIBCXX_3.4
         U _ZNSolsEt@GLIBCXX_3.4
000145f0 W _ZNSt11char_traitsIcE6lengthEPKc
000148d8 W _ZNSt16allocator_traitsISaIcEE37select_on_container_copy_constructionERKS0_
         U _ZNSt7__cxx1112basic_stringIcSt11char_traitsIcESaIcEE6appendEPKc@GLIBCXX_3.4.21
         U _ZNSt7__cxx1112basic_stringIcSt11char_traitsIcESaIcEE6appendEPKcj@GLIBCXX_3.4.21
         U _ZNSt7__cxx1112basic_stringIcSt11char_traitsIcESaIcEE6appendERKS4_@GLIBCXX_3.4.21
         U _ZNSt7__cxx1112basic_stringIcSt11char_traitsIcESaIcEE7reserveEj@GLIBCXX_3.4.21
         U _ZNSt7__cxx1112basic_stringIcSt11char_traitsIcESaIcEEaSEOS4_@GLIBCXX_3.4.21
         U _ZNSt7__cxx1112basic_stringIcSt11char_traitsIcESaIcEEaSERKS4_@GLIBCXX_3.4.21
         U _ZNSt7__cxx1112basic_stringIcSt11char_traitsIcESaIcEEC1EOS4_@GLIBCXX_3.4.21
         U _ZNSt7__cxx1112basic_stringIcSt11char_traitsIcESaIcEEC1EPKcRKS3_@GLIBCXX_3.4.21
         U _ZNSt7__cxx1112basic_stringIcSt11char_traitsIcESaIcEEC1ERKS3_@GLIBCXX_3.4.21
         U _ZNSt7__cxx1112basic_stringIcSt11char_traitsIcESaIcEEC1ERKS4_@GLIBCXX_3.4.21
         U _ZNSt7__cxx1112basic_stringIcSt11char_traitsIcESaIcEEC1Ev@GLIBCXX_3.4.21
         U _ZNSt7__cxx1112basic_stringIcSt11char_traitsIcESaIcEED1Ev@GLIBCXX_3.4.21
         U _ZNSt7__cxx1112basic_stringIcSt11char_traitsIcESaIcEEixEj@GLIBCXX_3.4.21
         U _ZNSt7__cxx1119basic_ostringstreamIcSt11char_traitsIcESaIcEEC1Ev@GLIBCXX_3.4.26
         U _ZNSt7__cxx1119basic_ostringstreamIcSt11char_traitsIcESaIcEED1Ev@GLIBCXX_3.4.21
         U _ZNSt8ios_base4InitC1Ev@GLIBCXX_3.4
         U _ZNSt8ios_base4InitD1Ev@GLIBCXX_3.4
00026190 B _ZSt4cout@GLIBCXX_3.4
         U _ZSt4endlIcSt11char_traitsIcEERSt13basic_ostreamIT_T0_ES6_@GLIBCXX_3.4
00014884 W _ZSt4moveIRNSt7__cxx1112basic_stringIcSt11char_traitsIcESaIcEEEEONSt16remove_referenceIT_E4typeEOS8_
000150ec r _ZStL13allocator_arg
00014cc0 r _ZStL19piecewise_construct
000150b8 r _ZStL19piecewise_construct
000150e4 r _ZStL19piecewise_construct
000150f0 r _ZStL6ignore
00026254 b _ZStL8__ioinit
00026258 b _ZStL8__ioinit
0002625c b _ZStL8__ioinit
         U _ZStlsIcSt11char_traitsIcESaIcEERSt13basic_ostreamIT_T0_ES7_RKNSt7__cxx1112basic_stringIS4_S5_T1_EE@GLIBCXX_3.4.21
         U _ZStlsISt11char_traitsIcEERSt13basic_ostreamIcT_ES5_PKc@GLIBCXX_3.4
000147ec W _ZStplIcSt11char_traitsIcESaIcEENSt7__cxx1112basic_stringIT_T0_T1_EEOS8_PKS5_
00014838 W _ZStplIcSt11char_traitsIcESaIcEENSt7__cxx1112basic_stringIT_T0_T1_EEOS8_RKS8_
000146c8 W _ZStplIcSt11char_traitsIcESaIcEENSt7__cxx1112basic_stringIT_T0_T1_EEPKS5_RKS8_
000147a0 W _ZStplIcSt11char_traitsIcESaIcEENSt7__cxx1112basic_stringIT_T0_T1_EERKS8_SA_
