         U abort@GLIBC_2.4
         U accept@GLIBC_2.4
         U __aeabi_atexit@CXXABI_ARM_1.3.3
         U __aeabi_unwind_cpp_pr1@GCC_3.5
00017ab8 r all_implied_fbits
000180c4 r all_implied_fbits
         U bind@GLIBC_2.4
00029300 B __bss_end__
00029300 B _bss_end__
000291d4 B __bss_start
000291d4 B __bss_start__
00012044 t call_weak_fn
000292e8 B CID
         U close@GLIBC_2.4
00029280 b completed.0
00029298 B conn
         U __cxa_begin_catch@CXXABI_1.3
         U __cxa_end_catch@CXXABI_1.3
         U __cxa_end_cleanup@CXXABI_1.3
         U __cxa_rethrow@CXXABI_1.3
         U __cxa_throw_bad_array_new_length@CXXABI_1.3.8
00029188 D __data_start
00029188 W data_start
00012068 t deregister_tm_clones
000120cc t __do_global_dtors_aux
00028ef4 d __do_global_dtors_aux_fini_array_entry
0002918c D __dso_handle
00028ef8 d _DYNAMIC
000291d4 D _edata
00029300 B __end__
00029300 B _end
         U __errno_location@GLIBC_2.4
         U exit@GLIBC_2.4
         U fclose@GLIBC_2.4
         U fflush@GLIBC_2.4
         U fgetc@GLIBC_2.4
000292f4 B file
00017aac T _fini
         U fopen@GLIBC_2.4
         U fprintf@GLIBC_2.4
000120f4 t frame_dummy
00028ee4 d __frame_dummy_init_array_entry
00018974 r __FRAME_END__
         U free@GLIBC_2.4
         U fseek@GLIBC_2.4
         U ftell@GLIBC_2.4
         U ftime@GLIBC_2.4
         U fwrite@GLIBC_2.4
00029000 d _GLOBAL_OFFSET_TABLE_
00016078 t _GLOBAL__sub_I_g_pNetwork
00017a2c t _GLOBAL__sub_I_main
000122a8 t _GLOBAL__sub_I_parser_desp
         w __gmon_start__
00029288 B g_pNetwork
         U __gxx_personality_v0@CXXABI_1.3
000292ec B Hash
         U htonl@GLIBC_2.4
         U htons@GLIBC_2.4
00011b80 T _init
00028ef4 d __init_array_end
00028ee4 d __init_array_start
00017ab4 R _IO_stdin_used
         w _ITM_deregisterTMCloneTable
         w _ITM_registerTMCloneTable
00017aa8 T __libc_csu_fini
00017a48 T __libc_csu_init
         U __libc_start_main@GLIBC_2.4
         U listen@GLIBC_2.4
         U localtime_r@GLIBC_2.4
0001795c T main
         U malloc@GLIBC_2.4
         U memcpy@GLIBC_2.4
         U memset@GLIBC_2.4
         U mkdir@GLIBC_2.4
         U mysql_close@libmysqlclient_18
         U mysql_error@libmysqlclient_18
         U mysql_fetch_row@libmysqlclient_18
         U mysql_free_result@libmysqlclient_18
000292bc B mysqlID
         U mysql_init@libmysqlclient_18
         U mysql_query@libmysqlclient_18
         U mysql_real_connect@libmysqlclient_18
         U mysql_use_result@libmysqlclient_18
00029190 D parser_desp
000291d0 D p_packet
         U printf@GLIBC_2.4
         U pthread_create@GLIBC_2.4
         U pthread_detach@GLIBC_2.4
         U pthread_join@GLIBC_2.4
         U pthread_mutex_init@GLIBC_2.4
         U pthread_self@GLIBC_2.4
000292e4 B recv_buf
         U recv@GLIBC_2.4
00012094 t register_tm_clones
0002929c B res
000292a0 B row
         U select@GLIBC_2.4
0002928c B sendDataPacket
         U send@GLIBC_2.4
         U setsockopt@GLIBC_2.4
000292f0 B Signed_Hash
         U sleep@GLIBC_2.4
         U socket@GLIBC_2.4
00012008 T _start
000291e0 B stderr@GLIBC_2.4
0002927c B stdout@GLIBC_2.4
         U strcpy@GLIBC_2.4
         U strerror@GLIBC_2.4
         U strftime@GLIBC_2.4
         U strlen@GLIBC_2.4
000291d4 D __TMC_END__
         U usleep@GLIBC_2.4
00029294 B x
000120f8 T _Z10cmd_parser7IO_PORTP12HEADERPACKET
00015ad0 T _Z10initServerv
00014660 T _Z10makePackethhhj
00014480 T _Z10mkdir_funcNSt7__cxx1112basic_stringIcSt11char_traitsIcESaIcEEE
000292a4 B _Z10table_nameB5cxx11
00015dd4 T _Z10termServerv
00014e38 T _Z11bind_socketji
00015f54 T _Z11closesocketj
00014bd8 T _Z11recv_binaryP7IO_PORTlPv
00014a30 T _Z11send_binaryP7IO_PORTlPv
00012690 T _Z12create_tablev
000140ec T _Z12hash_requestP12HEADERPACKET
000122c4 T _Z12initDatabaseP7db_user
00014cec T _Z13create_socketv
000127f8 T _Z13term_databasev
0001456c T _Z14get_table_nameB5cxx11v
00012830 T _Z14reshape_bufferii
000130e4 T _Z14verify_requestP12HEADERPACKET
00012478 T _Z15insert_databaseP8st_mysqlPcS1_S1_
000129cc T _Z15public_key_sendP12HEADERPACKET
00014034 T _Z15verify_responseP12HEADERPACKET
00012b2c T _Z15video_data_sendP12HEADERPACKET
000123ec T _Z19mysql_perform_queryP8st_mysqlPc
00012ad0 T _Z19public_key_responseP12HEADERPACKET
0001309c T _Z19video_data_responseP12HEADERPACKET
000140a4 T _Z20verified_result_sendP12HEADERPACKET
00012334 T _Z22mysql_connection_setup7db_user
000140c8 T _Z24verified_result_responseP12HEADERPACKET
00014280 T _Z2cpNSt7__cxx1112basic_stringIcSt11char_traitsIcESaIcEEE
00012244 t _Z41__static_initialization_and_destruction_0ii
00015f7c t _Z41__static_initialization_and_destruction_0ii
000179c8 t _Z41__static_initialization_and_destruction_0ii
0001417c T _Z4testP12HEADERPACKET
000142c0 T _Z6getCIDB5cxx11v
0001278c T _Z7init_DB7db_user
00014148 T _Z9hash_sendP12HEADERPACKET
         U _ZdlPvj@CXXABI_1.3.9
00014fc0 t _ZL19ClientServiceThreadPv
00014864 t _ZL6__recvP7IO_PORTPvi
000146d8 t _ZL6__sendP7IO_PORTPvi
000155ec t _ZL9listenThdPv
000161c4 W _ZN7CIDINFOD1Ev
000161c4 W _ZN7CIDINFOD2Ev
000160e4 W _ZN7db_userC1ERKS_
00016194 W _ZN7db_userC1Ev
000160e4 W _ZN7db_userC2ERKS_
00016194 W _ZN7db_userC2Ev
00016164 W _ZN7db_userD1Ev
00016164 W _ZN7db_userD2Ev
00016dec W _ZN9__gnu_cxx13new_allocatorINSt7__cxx1112basic_stringIcSt11char_traitsIcESaIcEEEE10deallocateEPS6_j
00017374 W _ZN9__gnu_cxx13new_allocatorINSt7__cxx1112basic_stringIcSt11char_traitsIcESaIcEEEE7destroyIS6_EEvPT_
00017414 W _ZN9__gnu_cxx13new_allocatorINSt7__cxx1112basic_stringIcSt11char_traitsIcESaIcEEEE8allocateEjPKv
00016e84 W _ZN9__gnu_cxx13new_allocatorINSt7__cxx1112basic_stringIcSt11char_traitsIcESaIcEEEE9constructIS6_JS6_EEEvPT_DpOT0_
00016934 W _ZN9__gnu_cxx13new_allocatorINSt7__cxx1112basic_stringIcSt11char_traitsIcESaIcEEEEC1Ev
00016934 W _ZN9__gnu_cxx13new_allocatorINSt7__cxx1112basic_stringIcSt11char_traitsIcESaIcEEEEC2Ev
000167ac W _ZN9__gnu_cxx13new_allocatorINSt7__cxx1112basic_stringIcSt11char_traitsIcESaIcEEEED1Ev
000167ac W _ZN9__gnu_cxx13new_allocatorINSt7__cxx1112basic_stringIcSt11char_traitsIcESaIcEEEED2Ev
0001670c W _ZN9__gnu_cxx14__alloc_traitsISaIcEcE17_S_select_on_copyERKS1_
00016ed4 W _ZN9__gnu_cxx17__normal_iteratorIPNSt7__cxx1112basic_stringIcSt11char_traitsIcESaIcEEESt6vectorIS6_SaIS6_EEEC1ERKS7_
00016ed4 W _ZN9__gnu_cxx17__normal_iteratorIPNSt7__cxx1112basic_stringIcSt11char_traitsIcESaIcEEESt6vectorIS6_SaIS6_EEEC2ERKS7_
000180a4 r _ZN9__gnu_cxxL21__default_lock_policyE
00017028 W _ZN9__gnu_cxxmiIPNSt7__cxx1112basic_stringIcSt11char_traitsIcESaIcEEESt6vectorIS6_SaIS6_EEEENS_17__normal_iteratorIT_T0_E15difference_typeERKSE_SH_
         U _Znaj@GLIBCXX_3.4
000175d4 W _ZNK9__gnu_cxx13new_allocatorINSt7__cxx1112basic_stringIcSt11char_traitsIcESaIcEEEE11_M_max_sizeEv
00017788 W _ZNK9__gnu_cxx13new_allocatorINSt7__cxx1112basic_stringIcSt11char_traitsIcESaIcEEEE8max_sizeEv
00017128 W _ZNK9__gnu_cxx17__normal_iteratorIPNSt7__cxx1112basic_stringIcSt11char_traitsIcESaIcEEESt6vectorIS6_SaIS6_EEE4baseEv
000173f0 W _ZNKSt12_Vector_baseINSt7__cxx1112basic_stringIcSt11char_traitsIcESaIcEEESaIS5_EE19_M_get_Tp_allocatorEv
00017934 W _ZNKSt13move_iteratorIPNSt7__cxx1112basic_stringIcSt11char_traitsIcESaIcEEEE4baseEv
00017878 W _ZNKSt13move_iteratorIPNSt7__cxx1112basic_stringIcSt11char_traitsIcESaIcEEEEdeEv
00016f0c W _ZNKSt6vectorINSt7__cxx1112basic_stringIcSt11char_traitsIcESaIcEEESaIS5_EE12_M_check_lenEjPKc
00016640 W _ZNKSt6vectorINSt7__cxx1112basic_stringIcSt11char_traitsIcESaIcEEESaIS5_EE4sizeEv
00017214 W _ZNKSt6vectorINSt7__cxx1112basic_stringIcSt11char_traitsIcESaIcEEESaIS5_EE8max_sizeEv
         U _ZNKSt7__cxx1112basic_stringIcSt11char_traitsIcESaIcEE13get_allocatorEv@GLIBCXX_3.4.21
         U _ZNKSt7__cxx1112basic_stringIcSt11char_traitsIcESaIcEE4sizeEv@GLIBCXX_3.4.21
         U _ZNKSt7__cxx1112basic_stringIcSt11char_traitsIcESaIcEE5c_strEv@GLIBCXX_3.4.21
         U _ZNKSt7__cxx1112basic_stringIcSt11char_traitsIcESaIcEE6lengthEv@GLIBCXX_3.4.21
         U _ZNKSt7__cxx1112basic_stringIcSt11char_traitsIcESaIcEE6substrEjj@GLIBCXX_3.4.21
         U _ZNKSt7__cxx1119basic_ostringstreamIcSt11char_traitsIcESaIcEE3strEv@GLIBCXX_3.4.21
         U _ZNSaIcEC1ERKS_@GLIBCXX_3.4
         U _ZNSaIcEC1Ev@GLIBCXX_3.4
         U _ZNSaIcED1Ev@GLIBCXX_3.4
0001673c W _ZNSaINSt7__cxx1112basic_stringIcSt11char_traitsIcESaIcEEEEC1Ev
0001673c W _ZNSaINSt7__cxx1112basic_stringIcSt11char_traitsIcESaIcEEEEC2Ev
000164fc W _ZNSaINSt7__cxx1112basic_stringIcSt11char_traitsIcESaIcEEEED1Ev
000164fc W _ZNSaINSt7__cxx1112basic_stringIcSt11char_traitsIcESaIcEEEED2Ev
         U _ZNSolsEPFRSoS_E@GLIBCXX_3.4
         U _ZNSolsEt@GLIBCXX_3.4
000160bc W _ZNSt11char_traitsIcE6lengthEPKc
00016e30 W _ZNSt12_Destroy_auxILb0EE9__destroyIPNSt7__cxx1112basic_stringIcSt11char_traitsIcESaIcEEEEEvT_S9_
0001709c W _ZNSt12_Vector_baseINSt7__cxx1112basic_stringIcSt11char_traitsIcESaIcEEESaIS5_EE11_M_allocateEj
000164c8 W _ZNSt12_Vector_baseINSt7__cxx1112basic_stringIcSt11char_traitsIcESaIcEEESaIS5_EE12_Vector_implC1Ev
000164c8 W _ZNSt12_Vector_baseINSt7__cxx1112basic_stringIcSt11char_traitsIcESaIcEEESaIS5_EE12_Vector_implC2Ev
00016240 W _ZNSt12_Vector_baseINSt7__cxx1112basic_stringIcSt11char_traitsIcESaIcEEESaIS5_EE12_Vector_implD1Ev
00016240 W _ZNSt12_Vector_baseINSt7__cxx1112basic_stringIcSt11char_traitsIcESaIcEEESaIS5_EE12_Vector_implD2Ev
000167d0 W _ZNSt12_Vector_baseINSt7__cxx1112basic_stringIcSt11char_traitsIcESaIcEEESaIS5_EE13_M_deallocateEPS5_j
00016764 W _ZNSt12_Vector_baseINSt7__cxx1112basic_stringIcSt11char_traitsIcESaIcEEESaIS5_EE17_Vector_impl_dataC1Ev
00016764 W _ZNSt12_Vector_baseINSt7__cxx1112basic_stringIcSt11char_traitsIcESaIcEEESaIS5_EE17_Vector_impl_dataC2Ev
00016814 W _ZNSt12_Vector_baseINSt7__cxx1112basic_stringIcSt11char_traitsIcESaIcEEESaIS5_EE19_M_get_Tp_allocatorEv
00016268 W _ZNSt12_Vector_baseINSt7__cxx1112basic_stringIcSt11char_traitsIcESaIcEEESaIS5_EEC1Ev
00016268 W _ZNSt12_Vector_baseINSt7__cxx1112basic_stringIcSt11char_traitsIcESaIcEEESaIS5_EEC2Ev
00016524 W _ZNSt12_Vector_baseINSt7__cxx1112basic_stringIcSt11char_traitsIcESaIcEEESaIS5_EED1Ev
00016524 W _ZNSt12_Vector_baseINSt7__cxx1112basic_stringIcSt11char_traitsIcESaIcEEESaIS5_EED2Ev
000174e4 W _ZNSt13move_iteratorIPNSt7__cxx1112basic_stringIcSt11char_traitsIcESaIcEEEEC1ES6_
000174e4 W _ZNSt13move_iteratorIPNSt7__cxx1112basic_stringIcSt11char_traitsIcESaIcEEEEC2ES6_
00017840 W _ZNSt13move_iteratorIPNSt7__cxx1112basic_stringIcSt11char_traitsIcESaIcEEEEppEv
00016908 W _ZNSt16allocator_traitsISaIcEE37select_on_container_copy_constructionERKS0_
00016958 W _ZNSt16allocator_traitsISaINSt7__cxx1112basic_stringIcSt11char_traitsIcESaIcEEEEE10deallocateERS6_PS5_j
000171a0 W _ZNSt16allocator_traitsISaINSt7__cxx1112basic_stringIcSt11char_traitsIcESaIcEEEEE7destroyIS5_EEvRS6_PT_
00017294 W _ZNSt16allocator_traitsISaINSt7__cxx1112basic_stringIcSt11char_traitsIcESaIcEEEEE8allocateERS6_j
00017564 W _ZNSt16allocator_traitsISaINSt7__cxx1112basic_stringIcSt11char_traitsIcESaIcEEEEE8max_sizeERKS6_
000169dc W _ZNSt16allocator_traitsISaINSt7__cxx1112basic_stringIcSt11char_traitsIcESaIcEEEEE9constructIS5_JS5_EEEvRS6_PT_DpOT0_
000176cc W _ZNSt20__uninitialized_copyILb0EE13__uninit_copyISt13move_iteratorIPNSt7__cxx1112basic_stringIcSt11char_traitsIcESaIcEEEES9_EET0_T_SC_SB_
0001739c W _ZNSt6vectorINSt7__cxx1112basic_stringIcSt11char_traitsIcESaIcEEESaIS5_EE11_S_max_sizeERKS6_
000170e4 W _ZNSt6vectorINSt7__cxx1112basic_stringIcSt11char_traitsIcESaIcEEESaIS5_EE11_S_relocateEPS5_S8_S8_RS6_
00016868 W _ZNSt6vectorINSt7__cxx1112basic_stringIcSt11char_traitsIcESaIcEEESaIS5_EE12emplace_backIJS5_EEEvDpOT_
000172c8 W _ZNSt6vectorINSt7__cxx1112basic_stringIcSt11char_traitsIcESaIcEEESaIS5_EE14_S_do_relocateEPS5_S8_S8_RS6_St17integral_constantIbLb1EE
00016a54 W _ZNSt6vectorINSt7__cxx1112basic_stringIcSt11char_traitsIcESaIcEEESaIS5_EE15_S_use_relocateEv
00016a9c W _ZNSt6vectorINSt7__cxx1112basic_stringIcSt11char_traitsIcESaIcEEESaIS5_EE17_M_realloc_insertIJS5_EEEvN9__gnu_cxx17__normal_iteratorIPS5_S7_EEDpOT_
00016a78 W _ZNSt6vectorINSt7__cxx1112basic_stringIcSt11char_traitsIcESaIcEEESaIS5_EE19_S_nothrow_relocateESt17integral_constantIbLb1EE
00016a1c W _ZNSt6vectorINSt7__cxx1112basic_stringIcSt11char_traitsIcESaIcEEESaIS5_EE3endEv
00016ff4 W _ZNSt6vectorINSt7__cxx1112basic_stringIcSt11char_traitsIcESaIcEEESaIS5_EE5beginEv
00016608 W _ZNSt6vectorINSt7__cxx1112basic_stringIcSt11char_traitsIcESaIcEEESaIS5_EE9push_backEOS5_
00016294 W _ZNSt6vectorINSt7__cxx1112basic_stringIcSt11char_traitsIcESaIcEEESaIS5_EEC1Ev
00016294 W _ZNSt6vectorINSt7__cxx1112basic_stringIcSt11char_traitsIcESaIcEEESaIS5_EEC2Ev
000165ac W _ZNSt6vectorINSt7__cxx1112basic_stringIcSt11char_traitsIcESaIcEEESaIS5_EED1Ev
000165ac W _ZNSt6vectorINSt7__cxx1112basic_stringIcSt11char_traitsIcESaIcEEESaIS5_EED2Ev
000166a4 W _ZNSt6vectorINSt7__cxx1112basic_stringIcSt11char_traitsIcESaIcEEESaIS5_EEixEj
         U _ZNSt7__cxx1112basic_stringIcSt11char_traitsIcESaIcEE6appendEPKc@GLIBCXX_3.4.21
         U _ZNSt7__cxx1112basic_stringIcSt11char_traitsIcESaIcEE6appendEPKcj@GLIBCXX_3.4.21
         U _ZNSt7__cxx1112basic_stringIcSt11char_traitsIcESaIcEE6appendERKS4_@GLIBCXX_3.4.21
         U _ZNSt7__cxx1112basic_stringIcSt11char_traitsIcESaIcEE7reserveEj@GLIBCXX_3.4.21
         U _ZNSt7__cxx1112basic_stringIcSt11char_traitsIcESaIcEEaSEOS4_@GLIBCXX_3.4.21
         U _ZNSt7__cxx1112basic_stringIcSt11char_traitsIcESaIcEEaSERKS4_@GLIBCXX_3.4.21
         U _ZNSt7__cxx1112basic_stringIcSt11char_traitsIcESaIcEEC1EOS4_@GLIBCXX_3.4.21
         U _ZNSt7__cxx1112basic_stringIcSt11char_traitsIcESaIcEEC1EPKcRKS3_@GLIBCXX_3.4.21
         U _ZNSt7__cxx1112basic_stringIcSt11char_traitsIcESaIcEEC1ERKS3_@GLIBCXX_3.4.21
         U _ZNSt7__cxx1112basic_stringIcSt11char_traitsIcESaIcEEC1ERKS4_@GLIBCXX_3.4.21
         U _ZNSt7__cxx1112basic_stringIcSt11char_traitsIcESaIcEEC1Ev@GLIBCXX_3.4.21
         U _ZNSt7__cxx1112basic_stringIcSt11char_traitsIcESaIcEED1Ev@GLIBCXX_3.4.21
         U _ZNSt7__cxx1112basic_stringIcSt11char_traitsIcESaIcEEixEj@GLIBCXX_3.4.21
         U _ZNSt7__cxx1119basic_ostringstreamIcSt11char_traitsIcESaIcEEC1Ev@GLIBCXX_3.4.26
         U _ZNSt7__cxx1119basic_ostringstreamIcSt11char_traitsIcESaIcEED1Ev@GLIBCXX_3.4.21
         U _ZNSt8ios_base4InitC1Ev@GLIBCXX_3.4
         U _ZNSt8ios_base4InitD1Ev@GLIBCXX_3.4
         U _Znwj@GLIBCXX_3.4
00016094 W _ZnwjPv
000178a0 W _ZSt10_ConstructINSt7__cxx1112basic_stringIcSt11char_traitsIcESaIcEEEJS5_EEvPT_DpOT0_
000171cc W _ZSt11__addressofINSt7__cxx1112basic_stringIcSt11char_traitsIcESaIcEEEEPT_RS6_
000175fc W _ZSt12__niter_baseIPNSt7__cxx1112basic_stringIcSt11char_traitsIcESaIcEEEET_S7_
00017484 W _ZSt12__relocate_aIPNSt7__cxx1112basic_stringIcSt11char_traitsIcESaIcEEES6_SaIS5_EET0_T_S9_S8_RT1_
00017620 W _ZSt14__relocate_a_1IPNSt7__cxx1112basic_stringIcSt11char_traitsIcESaIcEEES6_SaIS5_EET0_T_S9_S8_RT1_
         U _ZSt17__throw_bad_allocv@GLIBCXX_3.4
00017524 W _ZSt18uninitialized_copyISt13move_iteratorIPNSt7__cxx1112basic_stringIcSt11char_traitsIcESaIcEEEES7_ET0_T_SA_S9_
000177b0 W _ZSt19__relocate_object_aINSt7__cxx1112basic_stringIcSt11char_traitsIcESaIcEEES5_SaIS5_EEvPT_PT0_RT1_
         U _ZSt20__throw_length_errorPKc@GLIBCXX_3.4
00017338 W _ZSt22__uninitialized_copy_aISt13move_iteratorIPNSt7__cxx1112basic_stringIcSt11char_traitsIcESaIcEEEES7_S6_ET0_T_SA_S9_RSaIT1_E
00017308 W _ZSt32__make_move_if_noexcept_iteratorINSt7__cxx1112basic_stringIcSt11char_traitsIcESaIcEEESt13move_iteratorIPS5_EET0_PT_
0001714c W _ZSt34__uninitialized_move_if_noexcept_aIPNSt7__cxx1112basic_stringIcSt11char_traitsIcESaIcEEES6_SaIS5_EET0_T_S9_S8_RT1_
0001724c W _ZSt3maxIjERKT_S2_S2_
0001758c W _ZSt3minIjERKT_S2_S2_
000291f0 B _ZSt4cout@GLIBCXX_3.4
         U _ZSt4endlIcSt11char_traitsIcEERSt13basic_ostreamIT_T0_ES6_@GLIBCXX_3.4
000166e8 W _ZSt4moveIRNSt7__cxx1112basic_stringIcSt11char_traitsIcESaIcEEEEONSt16remove_referenceIT_E4typeEOS8_
000176a8 W _ZSt4moveIRPNSt7__cxx1112basic_stringIcSt11char_traitsIcESaIcEEEEONSt16remove_referenceIT_E4typeEOS9_
000169b8 W _ZSt7forwardINSt7__cxx1112basic_stringIcSt11char_traitsIcESaIcEEEEOT_RNSt16remove_referenceIS6_E4typeE
000171f0 W _ZSt8_DestroyINSt7__cxx1112basic_stringIcSt11char_traitsIcESaIcEEEEvPT_
0001698c W _ZSt8_DestroyIPNSt7__cxx1112basic_stringIcSt11char_traitsIcESaIcEEEEvT_S7_
00016838 W _ZSt8_DestroyIPNSt7__cxx1112basic_stringIcSt11char_traitsIcESaIcEEES5_EvT_S7_RSaIT0_E
000178ec W _ZSteqIPNSt7__cxx1112basic_stringIcSt11char_traitsIcESaIcEEEEbRKSt13move_iteratorIT_ESB_
000180a8 r _ZStL13allocator_arg
00017b48 r _ZStL19piecewise_construct
00017bac r _ZStL19piecewise_construct
000180a0 r _ZStL19piecewise_construct
000180ac r _ZStL6ignore
00029284 b _ZStL8__ioinit
000292f8 b _ZStL8__ioinit
000292fc b _ZStL8__ioinit
         U _ZStlsIcSt11char_traitsIcESaIcEERSt13basic_ostreamIT_T0_ES7_RKNSt7__cxx1112basic_stringIS4_S5_T1_EE@GLIBCXX_3.4.21
         U _ZStlsISt11char_traitsIcEERSt13basic_ostreamIcT_ES5_PKc@GLIBCXX_3.4
00017808 W _ZStneIPNSt7__cxx1112basic_stringIcSt11char_traitsIcESaIcEEEEbRKSt13move_iteratorIT_ESB_
000163e4 W _ZStplIcSt11char_traitsIcESaIcEENSt7__cxx1112basic_stringIT_T0_T1_EEOS8_PKS5_
0001647c W _ZStplIcSt11char_traitsIcESaIcEENSt7__cxx1112basic_stringIT_T0_T1_EEOS8_RKS8_
0001630c W _ZStplIcSt11char_traitsIcESaIcEENSt7__cxx1112basic_stringIT_T0_T1_EEPKS5_RKS8_
000162c0 W _ZStplIcSt11char_traitsIcESaIcEENSt7__cxx1112basic_stringIT_T0_T1_EERKS8_PKS5_
00016430 W _ZStplIcSt11char_traitsIcESaIcEENSt7__cxx1112basic_stringIT_T0_T1_EERKS8_SA_
