00023f00 d _DYNAMIC
00024000 d _GLOBAL_OFFSET_TABLE_
00013324 t _GLOBAL__sub_I_g_pNetwork
000135e0 t _GLOBAL__sub_I_main
000134f4 t _GLOBAL__sub_I_parser_desp
00013668 R _IO_stdin_used
         w _ITM_deregisterTMCloneTable
         w _ITM_registerTMCloneTable
00013340 T _Z10cmd_parser7IO_PORTP12HEADERPACKET
00012ca0 T _Z10initServerv
000116c0 T _Z10makePackethhj
00012f34 T _Z10termServerv
00012040 T _Z11bind_socketji
000130ac T _Z11closesocketj
00011de0 T _Z11recv_binaryP7IO_PORTlPh
00011a88 T _Z11send_binaryP7IO_PORTlPPv
00011c34 T _Z11send_packetP7IO_PORTlP12HEADERPACKET
00011ef4 T _Z13create_socketv
000130d4 T _Z15video_data_sendP12HEADERPACKET
000132c0 t _Z41__static_initialization_and_destruction_0ii
00013490 t _Z41__static_initialization_and_destruction_0ii
0001357c t _Z41__static_initialization_and_destruction_0ii
00013448 T _Z4testP12HEADERPACKET
00011500 T _Z6getCIDB5cxx11v
000121cc t _ZL19ClientServiceThreadPv
000118bc t _ZL6__recvP7IO_PORTPvi
00011730 t _ZL6__sendP7IO_PORTPPvi
000127bc t _ZL9listenThdPv
00013a4c r _ZN9__gnu_cxxL21__default_lock_policyE
         U _ZNKSt7__cxx1112basic_stringIcSt11char_traitsIcESaIcEE6lengthEv@GLIBCXX_3.4.21
         U _ZNKSt7__cxx1112basic_stringIcSt11char_traitsIcESaIcEE6substrEjj@GLIBCXX_3.4.21
         U _ZNKSt7__cxx1119basic_ostringstreamIcSt11char_traitsIcESaIcEE3strEv@GLIBCXX_3.4.21
         U _ZNSolsEPFRSoS_E@GLIBCXX_3.4
         U _ZNSolsEt@GLIBCXX_3.4
         U _ZNSt7__cxx1112basic_stringIcSt11char_traitsIcESaIcEE6appendEPKc@GLIBCXX_3.4.21
         U _ZNSt7__cxx1112basic_stringIcSt11char_traitsIcESaIcEEC1Ev@GLIBCXX_3.4.21
         U _ZNSt7__cxx1112basic_stringIcSt11char_traitsIcESaIcEED1Ev@GLIBCXX_3.4.21
         U _ZNSt7__cxx1112basic_stringIcSt11char_traitsIcESaIcEEaSEOS4_@GLIBCXX_3.4.21
         U _ZNSt7__cxx1112basic_stringIcSt11char_traitsIcESaIcEEaSERKS4_@GLIBCXX_3.4.21
         U _ZNSt7__cxx1119basic_ostringstreamIcSt11char_traitsIcESaIcEEC1Ev@GLIBCXX_3.4.26
         U _ZNSt7__cxx1119basic_ostringstreamIcSt11char_traitsIcESaIcEED1Ev@GLIBCXX_3.4.21
         U _ZNSt8ios_base4InitC1Ev@GLIBCXX_3.4
         U _ZNSt8ios_base4InitD1Ev@GLIBCXX_3.4
00024120 B _ZSt4cout@GLIBCXX_3.4
         U _ZSt4endlIcSt11char_traitsIcEERSt13basic_ostreamIT_T0_ES6_@GLIBCXX_3.4
00013a50 r _ZStL13allocator_arg
000136fc r _ZStL19piecewise_construct
00013a1c r _ZStL19piecewise_construct
00013a48 r _ZStL19piecewise_construct
00013a54 r _ZStL6ignore
000241c0 b _ZStL8__ioinit
000241c4 b _ZStL8__ioinit
000241c8 b _ZStL8__ioinit
         U _ZStlsISt11char_traitsIcEERSt13basic_ostreamIcT_ES5_PKc@GLIBCXX_3.4
         U _ZStlsISt11char_traitsIcEERSt13basic_ostreamIcT_ES5_h@GLIBCXX_3.4
         U _ZStlsIcSt11char_traitsIcESaIcEERSt13basic_ostreamIT_T0_ES7_RKNSt7__cxx1112basic_stringIS4_S5_T1_EE@GLIBCXX_3.4.21
         U _ZdaPv@GLIBCXX_3.4
         U _Znaj@GLIBCXX_3.4
00013c98 r __FRAME_END__
00024118 D __TMC_END__
         U __aeabi_atexit@CXXABI_ARM_1.3.3
         U __aeabi_unwind_cpp_pr1@GCC_3.5
000241cc B __bss_end__
00024118 B __bss_start
00024118 B __bss_start__
         U __cxa_end_cleanup@CXXABI_1.3
00024100 D __data_start
000114d4 t __do_global_dtors_aux
00023efc d __do_global_dtors_aux_fini_array_entry
00024104 D __dso_handle
000241cc B __end__
         U __errno_location@GLIBC_2.4
00023eec d __frame_dummy_init_array_entry
         w __gmon_start__
         U __gxx_personality_v0@CXXABI_1.3
00023efc d __init_array_end
00023eec d __init_array_start
0001365c T __libc_csu_fini
000135fc T __libc_csu_init
         U __libc_start_main@GLIBC_2.4
000241cc B _bss_end__
00024118 D _edata
000241cc B _end
00013660 T _fini
00011120 T _init
00011410 T _start
         U abort@GLIBC_2.4
         U accept@GLIBC_2.4
0001366c r all_implied_fbits
00013a6c r all_implied_fbits
         U bind@GLIBC_2.4
0001144c t call_weak_fn
         U close@GLIBC_2.4
000241b0 b completed.0
00024100 W data_start
00011470 t deregister_tm_clones
         U fclose@GLIBC_2.4
         U fflush@GLIBC_2.4
         U fopen@GLIBC_2.4
         U fprintf@GLIBC_2.4
000114fc t frame_dummy
         U free@GLIBC_2.4
         U ftime@GLIBC_2.4
         U fwrite@GLIBC_2.4
000241b4 B g_pNetwork
         U htonl@GLIBC_2.4
         U htons@GLIBC_2.4
         U listen@GLIBC_2.4
         U localtime_r@GLIBC_2.4
00013510 T main
         U malloc@GLIBC_2.4
         U memcpy@GLIBC_2.4
         U memset@GLIBC_2.4
00024108 D parser_desp
         U pthread_create@GLIBC_2.4
         U pthread_detach@GLIBC_2.4
         U pthread_join@GLIBC_2.4
         U pthread_mutex_init@GLIBC_2.4
         U pthread_self@GLIBC_2.4
         U recv@GLIBC_2.4
0001149c t register_tm_clones
         U select@GLIBC_2.4
         U send@GLIBC_2.4
000241b8 B sendDataPacket
         U setsockopt@GLIBC_2.4
         U sleep@GLIBC_2.4
         U socket@GLIBC_2.4
000241ac B stdout@GLIBC_2.4
         U strcpy@GLIBC_2.4
         U strerror@GLIBC_2.4
         U strftime@GLIBC_2.4
         U strlen@GLIBC_2.4
         U usleep@GLIBC_2.4
